// Jest Snapshot v1, https://goo.gl/fbAQLP

exports[`debe validar el titulo debe hacer match con el snapshot 1`] = `
<div>
  <h1
    data-testid="test-title"
  >
     
    Hola soy gustavo
     
  </h1>
  <p>
    No hay subtítulo
  </p>
  <p>
    No hay subtítulo
  </p>
  <p>
    Fernando Herrera
  </p>
</div>
`;
